t1 luna-high   r1   21.8s in=14199   hit= 70.3% out=58    $0.00111 ok=True
t1 luna-high   r2   28.4s in=14199   hit= 70.3% out=59    $0.00111 ok=True
t1 opus5-high  r0    8.8s in=16924   hit=100.0% out=212   $0.10141 ok=True
t1 opus5-high  r1    9.0s in=16924   hit=100.0% out=201   $0.10108 ok=True
t1 opus5-high  r2    9.5s in=16924   hit=100.0% out=208   $0.10128 ok=True
t1 luna-max    r0   21.2s in=14199   hit= 70.3% out=114   $0.00118 ok=True
t1 luna-max    r1   15.9s in=14199   hit= 70.3% out=56    $0.00111 ok=True
t1 luna-max    r2   19.1s in=14199   hit= 70.3% out=59    $0.00111 ok=True
t1 opus5-max   r0   13.6s in=16924   hit=100.0% out=205   $0.10122 ok=True
t1 opus5-max   r1   13.2s in=16924   hit=100.0% out=218   $0.10150 ok=True
t1 opus5-max   r2    8.7s in=16924   hit=100.0% out=229   $0.10179 ok=True
t1 luna-high   r0   20.3s in=14199   hit= 70.3% out=67    $0.00112 ok=True
t2 luna-high   r2   13.4s in=28659   hit= 69.7% out=158   $0.00233 ok=True
t2 opus5-high  r0    8.5s in=30946   hit=100.0% out=185   $0.02886 ok=True
t2 opus5-high  r1    8.6s in=30937   hit=100.0% out=161   $0.02819 ok=True
t2 opus5-high  r2    8.2s in=30942   hit=100.0% out=146   $0.02786 ok=True
t2 luna-max    r0   16.2s in=28714   hit= 83.8% out=230   $0.00169 ok=True
t2 luna-max    r1   15.6s in=28656   hit= 69.7% out=165   $0.00233 ok=True
t2 luna-max    r2   15.8s in=28659   hit= 84.0% out=172   $0.00161 ok=True
t2 opus5-max   r0    9.8s in=30944   hit=100.0% out=200   $0.02919 ok=True
t2 opus5-max   r1    9.9s in=30936   hit=100.0% out=208   $0.02947 ok=True
t2 opus5-max   r2    8.2s in=30939   hit=100.0% out=186   $0.02778 ok=True
t2 luna-high   r0   11.9s in=28667   hit= 83.9% out=117   $0.00154 ok=True
t2 luna-high   r1   33.9s in=28658   hit= 84.0% out=153   $0.00158 ok=True
t3 opus5-high  r0   12.8s in=32347   hit=100.0% out=145   $0.02469 ok=True
t3 opus5-high  r1   13.5s in=32327   hit=100.0% out=123   $0.02398 ok=True
t3 opus5-high  r2   10.1s in=32339   hit=100.0% out=104   $0.02016 ok=True
t3 luna-max    r0   25.3s in=43401   hit= 87.9% out=375   $0.00226 ok=True
t3 luna-max    r1   23.0s in=43278   hit= 78.7% out=399   $0.00301 ok=True
t3 luna-max    r2   72.6s in=43288   hit= 88.1% out=338   $0.00220 ok=True
t3 opus5-max   r0   11.9s in=32338   hit=100.0% out=151   $0.02167 ok=True
t3 opus5-max   r1    8.7s in=32343   hit=100.0% out=136   $0.02596 ok=True
t3 opus5-max   r2    9.4s in=32163   hit=100.0% out=224   $0.02706 ok=True
t3 luna-high   r0   41.7s in=43241   hit= 88.2% out=223   $0.00205 ok=True
t3 luna-high   r1   10.6s in=43268   hit= 78.7% out=285   $0.00287 ok=True
t3 luna-high   r2   11.7s in=43274   hit= 78.7% out=280   $0.00286 ok=True
t4 opus5-high  r1    8.9s in=33085   hit=100.0% out=182   $0.02433 ok=True
t4 opus5-high  r2    9.4s in=32560   hit=100.0% out=201   $0.02235 ok=True
t4 luna-max    r0   15.3s in=58282   hit= 89.6% out=490   $0.00284 ok=True
t4 luna-max    r1   17.0s in=58183   hit= 82.7% out=517   $0.00359 ok=True
t4 luna-max    r2   11.9s in=58132   hit= 89.8% out=464   $0.00278 ok=True
t4 opus5-max   r0   10.0s in=32613   hit=100.0% out=235   $0.02352 ok=True
t4 opus5-max   r1    9.5s in=33364   hit=100.0% out=209   $0.02315 ok=True
t4 opus5-max   r2    9.0s in=33022   hit=100.0% out=210   $0.02788 ok=True
t4 luna-high   r0   18.1s in=57970   hit= 90.1% out=285   $0.00254 ok=True
t4 luna-high   r1   22.8s in=58059   hit= 82.9% out=348   $0.00337 ok=True
t4 luna-high   r2   12.5s in=58060   hit= 82.9% out=343   $0.00336 ok=True
t4 opus5-high  r0   10.5s in=33129   hit=100.0% out=204   $0.02555 ok=True
t5 opus5-high  r2   10.3s in=32725   hit=100.0% out=240   $0.02406 ok=True
t5 luna-max    r0   12.8s in=73332   hit= 90.4% out=598   $0.00345 ok=True
t5 luna-max    r1   12.9s in=73260   hit= 84.9% out=648   $0.00423 ok=True
t5 luna-max    r2   19.0s in=73156   hit= 90.6% out=560   $0.00337 ok=True
t5 opus5-max   r0    8.4s in=32825   hit=100.0% out=190   $0.02768 ok=True
t5 opus5-max   r1   11.7s in=33561   hit=100.0% out=384   $0.02996 ok=True
t5 opus5-max   r2   25.9s in=34000   hit=100.0% out=200   $0.02837 ok=True
t5 luna-high   r0   13.5s in=72815   hit= 91.1% out=341   $0.00304 ok=True
t5 luna-high   r1   15.6s in=72967   hit= 85.3% out=412   $0.00389 ok=True
t5 luna-high   r2   24.2s in=72963   hit= 85.3% out=409   $0.00389 ok=True
t5 opus5-high  r0   10.1s in=33750   hit=100.0% out=209   $0.02565 ok=True
t5 opus5-high  r1   10.1s in=33602   hit=100.0% out=244   $0.02448 ok=True
t6 luna-max    r0   19.3s in=88538   hit= 90.8% out=702   $0.00408 ok=True
t6 luna-max    r1   17.2s in=88516   hit= 86.2% out=772   $0.00490 ok=True
t6 luna-max    r2   23.4s in=88324   hit= 91.0% out=610   $0.00393 ok=True
t6 opus5-max   r0   10.2s in=33867   hit=100.0% out=164   $0.02852 ok=True
t6 opus5-max   r1    9.0s in=34132   hit=100.0% out=185   $0.02908 ok=True
t6 opus5-max   r2   13.1s in=35017   hit=100.0% out=173   $0.02939 ok=True
t6 luna-high   r0   18.3s in=87764   hit= 91.6% out=393   $0.00356 ok=True
t6 luna-high   r1   40.4s in=88136   hit= 70.6% out=464   $0.00699 ok=True
t6 luna-high   r2   10.9s in=87980   hit= 86.7% out=458   $0.00441 ok=True
t6 opus5-high  r0    8.8s in=34316   hit=100.0% out=182   $0.02339 ok=True
t6 opus5-high  r1   12.9s in=33853   hit=100.0% out=163   $0.02290 ok=True
t6 opus5-high  r2   19.9s in=32995   hit=100.0% out=169   $0.02721 ok=True

=== WARM SUMMARY (turns 2-6, 3 sessions per config) ===
{
 "luna-high": {
  "n_warm_calls": 15,
  "median_s": 15.6,
  "median_cost_c": 0.304,
  "mean_cost_c": 0.322,
  "median_hit_pct": 84.0,
  "median_out_tok": 341
 },
 "opus5-high": {
  "n_warm_calls": 15,
  "median_s": 10.1,
  "median_cost_c": 2.448,
  "mean_cost_c": 2.491,
  "median_hit_pct": 100.0,
  "median_out_tok": 182
 },
 "luna-max": {
  "n_warm_calls": 15,
  "median_s": 17.0,
  "median_cost_c": 0.301,
  "mean_cost_c": 0.308,
  "median_hit_pct": 87.9,
  "median_out_tok": 490
 },
 "opus5-max": {
  "n_warm_calls": 15,
  "median_s": 9.8,
  "median_cost_c": 2.788,
  "mean_cost_c": 2.725,
  "median_hit_pct": 100.0,
  "median_out_tok": 200
 }
}
