r1 opus5-high         8.9s  $0.10122  fresh=2 cached=16922 out=203 ok=True
r1 luna-max          38.1s  $0.00218  fresh=9778 cached=3840 out=123 ok=True
r1 opus5-max          8.1s  $0.19844  fresh=2 cached=0 out=200 ok=True
r1 luna-high-fast    16.8s  $0.00112  fresh=4215 cached=9984 out=65 ok=True
r1 luna-high         16.0s  $0.00112  fresh=4215 cached=9984 out=61 ok=True
r1 luna-max-fast     15.7s  $0.00118  fresh=4215 cached=9984 out=112 ok=True
r2 luna-max          22.6s  $0.00111  fresh=4210 cached=9984 out=57 ok=True
r2 opus5-max          9.8s  $0.10139  fresh=2 cached=16922 out=211 ok=True
r2 luna-high-fast    20.6s  $0.00116  fresh=4210 cached=9984 out=98 ok=True
r2 luna-high         13.0s  $0.00111  fresh=4210 cached=9984 out=55 ok=True
r2 luna-max-fast     14.0s  $0.00121  fresh=4210 cached=9984 out=141 ok=True
r2 opus5-high         8.0s  $0.10097  fresh=2 cached=16922 out=195 ok=True
r3 opus5-max          7.7s  $0.10058  fresh=2 cached=16922 out=174 ok=True
r3 luna-high-fast    25.0s  $0.00062  fresh=1148 cached=13056 out=109 ok=True
r3 luna-high         23.4s  $0.00117  fresh=4220 cached=9984 out=106 ok=True
r3 luna-max-fast     31.9s  $0.00128  fresh=4220 cached=9984 out=196 ok=True
r3 opus5-high         8.1s  $0.09968  fresh=2 cached=16922 out=139 ok=True
r3 luna-max          27.8s  $0.00130  fresh=4220 cached=9984 out=211 ok=True
r4 luna-high-fast    14.3s  $0.00112  fresh=4213 cached=9984 out=63 ok=True
r4 luna-high         14.3s  $0.00112  fresh=4213 cached=9984 out=66 ok=True
r4 luna-max-fast     15.2s  $0.00119  fresh=4213 cached=9984 out=127 ok=True
r4 opus5-high         7.8s  $0.10090  fresh=2 cached=16922 out=190 ok=True
r4 luna-max          15.2s  $0.00043  fresh=117 cached=14080 out=102 ok=True
r4 opus5-max          8.6s  $0.10147  fresh=2 cached=16922 out=214 ok=True
r5 luna-high         20.6s  $0.00111  fresh=4218 cached=9984 out=57 ok=True
r5 luna-max-fast     17.0s  $0.00061  fresh=1146 cached=13056 out=101 ok=True
r5 opus5-high         8.4s  $0.10136  fresh=2 cached=16922 out=208 ok=True
r5 luna-max          15.5s  $0.00061  fresh=1146 cached=13056 out=103 ok=True
r5 opus5-max          8.8s  $0.10224  fresh=2 cached=16922 out=243 ok=True
r5 luna-high-fast    13.1s  $0.00112  fresh=4218 cached=9984 out=64 ok=True

=== SUMMARY (medians) ===
{
 "opus5-high": {
  "n": 5,
  "median_s": 8.1,
  "avg_s": 8.2,
  "min_s": 7.8,
  "max_s": 8.9,
  "median_cost_usd": 0.100971,
  "avg_cost_usd": 0.100827,
  "median_out_tok": 195,
  "median_chars": 615
 },
 "luna-max": {
  "n": 5,
  "median_s": 22.6,
  "avg_s": 23.8,
  "min_s": 15.2,
  "max_s": 38.1,
  "median_cost_usd": 0.00111,
  "avg_cost_usd": 0.001126,
  "median_out_tok": 103,
  "median_chars": 315
 },
 "opus5-max": {
  "n": 5,
  "median_s": 8.6,
  "avg_s": 8.6,
  "min_s": 7.7,
  "max_s": 9.8,
  "median_cost_usd": 0.101471,
  "avg_cost_usd": 0.120825,
  "median_out_tok": 211,
  "median_chars": 659
 },
 "luna-high-fast": {
  "n": 5,
  "median_s": 16.8,
  "avg_s": 18.0,
  "min_s": 13.1,
  "max_s": 25.0,
  "median_cost_usd": 0.00112,
  "avg_cost_usd": 0.001028,
  "median_out_tok": 65,
  "median_chars": 324
 },
 "luna-high": {
  "n": 5,
  "median_s": 16.0,
  "avg_s": 17.5,
  "min_s": 13.0,
  "max_s": 23.4,
  "median_cost_usd": 0.001116,
  "avg_cost_usd": 0.001126,
  "median_out_tok": 61,
  "median_chars": 315
 },
 "luna-max-fast": {
  "n": 5,
  "median_s": 15.7,
  "avg_s": 18.7,
  "min_s": 14.0,
  "max_s": 31.9,
  "median_cost_usd": 0.001195,
  "avg_cost_usd": 0.001095,
  "median_out_tok": 127,
  "median_chars": 316
 }
}
